# Initial Transaction Validation
check_tx 0x00
>> code: OK

# Boundary Value Check
check_tx 0xff
>> code: OK

# First Transaction Delivery
deliver_tx 0x00
>> code: OK

# Repeated Transaction Validation
check_tx 0x00
>> code: OK

# Sequential Transaction Deliveries
deliver_tx 0x01
>> code: OK

deliver_tx 0x04
>> code: OK

# Final State Query
info 
>> code: OK
>> data: {"size":3}
>> data.hex: 7B2273697A65223A337D
